// Jest Snapshot v1, https://goo.gl/fbAQLP

exports[`mathes snapshot 1`] = `
<DocumentFragment>
  <div
    class="bad-request"
  >
    <span
      class="ru"
    >
      Пожалуйста, введите корректный запрос!
    </span>
    <span
      class="en"
    >
      Please, enter the correct query!
    </span>
    <span
      class="be"
    >
      Калі ласка, увядзіце правільны запыт!
    </span>
  </div>
</DocumentFragment>
`;
