// Jest Snapshot v1, https://goo.gl/fbAQLP

exports[`mathes snapshot 1`] = `
<DocumentFragment>
  <div
    class="bad-geo"
  >
    <span
      class="ru"
    >
      Пожалуйста, предоставьте сайту доступ к вашему микрофону!
    </span>
    <span
      class="en"
    >
      Please, grant the site access to your microphone!
    </span>
    <span
      class="be"
    >
      Калі ласка, падайце сайту доступ да вашага мікрафону!
    </span>
  </div>
</DocumentFragment>
`;
